Archive member included because of file (symbol)

c:/freescale/kds_v3/toolchain/bin/../lib/gcc/arm-none-eabi/4.8.4/armv6-m\libgcc.a(_udivsi3.o)
                              ./Project_Settings/Startup_Code/system_MKL46Z4.o (__aeabi_uidiv)
c:/freescale/kds_v3/toolchain/bin/../lib/gcc/arm-none-eabi/4.8.4/armv6-m\libgcc.a(_dvmd_tls.o)
                              c:/freescale/kds_v3/toolchain/bin/../lib/gcc/arm-none-eabi/4.8.4/armv6-m\libgcc.a(_udivsi3.o) (__aeabi_idiv0)
c:/freescale/kds_v3/toolchain/bin/../lib/gcc/arm-none-eabi/4.8.4/../../../../arm-none-eabi/lib/armv6-m\libg_s.a(lib_a-exit.o)
                              c:/freescale/kds_v3/toolchain/bin/../lib/gcc/arm-none-eabi/4.8.4/../../../../arm-none-eabi/lib/armv6-m/crt0.o (exit)
c:/freescale/kds_v3/toolchain/bin/../lib/gcc/arm-none-eabi/4.8.4/../../../../arm-none-eabi/lib/armv6-m\libg_s.a(lib_a-impure.o)
                              c:/freescale/kds_v3/toolchain/bin/../lib/gcc/arm-none-eabi/4.8.4/../../../../arm-none-eabi/lib/armv6-m\libg_s.a(lib_a-exit.o) (_global_impure_ptr)
c:/freescale/kds_v3/toolchain/bin/../lib/gcc/arm-none-eabi/4.8.4/../../../../arm-none-eabi/lib/armv6-m\libg_s.a(lib_a-init.o)
                              c:/freescale/kds_v3/toolchain/bin/../lib/gcc/arm-none-eabi/4.8.4/../../../../arm-none-eabi/lib/armv6-m/crt0.o (__libc_init_array)
c:/freescale/kds_v3/toolchain/bin/../lib/gcc/arm-none-eabi/4.8.4/../../../../arm-none-eabi/lib/armv6-m\libg_s.a(lib_a-memset.o)
                              c:/freescale/kds_v3/toolchain/bin/../lib/gcc/arm-none-eabi/4.8.4/../../../../arm-none-eabi/lib/armv6-m/crt0.o (memset)
c:/freescale/kds_v3/toolchain/bin/../lib/gcc/arm-none-eabi/4.8.4/../../../../arm-none-eabi/lib/armv6-m\libnosys.a(_exit.o)
                              c:/freescale/kds_v3/toolchain/bin/../lib/gcc/arm-none-eabi/4.8.4/../../../../arm-none-eabi/lib/armv6-m\libg_s.a(lib_a-exit.o) (_exit)

Discarded input sections

 .text          0x00000000        0x0 c:/freescale/kds_v3/toolchain/bin/../lib/gcc/arm-none-eabi/4.8.4/armv6-m/crti.o
 .data          0x00000000        0x0 c:/freescale/kds_v3/toolchain/bin/../lib/gcc/arm-none-eabi/4.8.4/armv6-m/crti.o
 .bss           0x00000000        0x0 c:/freescale/kds_v3/toolchain/bin/../lib/gcc/arm-none-eabi/4.8.4/armv6-m/crti.o
 .data          0x00000000        0x4 c:/freescale/kds_v3/toolchain/bin/../lib/gcc/arm-none-eabi/4.8.4/armv6-m/crtbegin.o
 .data          0x00000000        0x0 c:/freescale/kds_v3/toolchain/bin/../lib/gcc/arm-none-eabi/4.8.4/../../../../arm-none-eabi/lib/armv6-m/crt0.o
 .bss           0x00000000        0x0 c:/freescale/kds_v3/toolchain/bin/../lib/gcc/arm-none-eabi/4.8.4/../../../../arm-none-eabi/lib/armv6-m/crt0.o
 .ARM.extab     0x00000000        0x0 c:/freescale/kds_v3/toolchain/bin/../lib/gcc/arm-none-eabi/4.8.4/../../../../arm-none-eabi/lib/armv6-m/crt0.o
 .group         0x00000000        0x8 ./Sources/HAL/HAL_GPIO.o
 .group         0x00000000        0x8 ./Sources/HAL/HAL_GPIO.o
 .group         0x00000000        0x8 ./Sources/HAL/HAL_GPIO.o
 .group         0x00000000        0x8 ./Sources/HAL/HAL_GPIO.o
 .group         0x00000000        0x8 ./Sources/HAL/HAL_GPIO.o
 .group         0x00000000        0x8 ./Sources/HAL/HAL_GPIO.o
 .group         0x00000000        0x8 ./Sources/HAL/HAL_GPIO.o
 .group         0x00000000        0x8 ./Sources/HAL/HAL_GPIO.o
 .group         0x00000000        0x8 ./Sources/HAL/HAL_GPIO.o
 .group         0x00000000        0x8 ./Sources/HAL/HAL_GPIO.o
 .group         0x00000000        0x8 ./Sources/HAL/HAL_GPIO.o
 .text          0x00000000        0x0 ./Sources/HAL/HAL_GPIO.o
 .data          0x00000000        0x0 ./Sources/HAL/HAL_GPIO.o
 .bss           0x00000000        0x0 ./Sources/HAL/HAL_GPIO.o
 .group         0x00000000        0x8 ./Sources/HAL/HAL_NVIC.o
 .group         0x00000000        0x8 ./Sources/HAL/HAL_NVIC.o
 .group         0x00000000        0x8 ./Sources/HAL/HAL_NVIC.o
 .group         0x00000000        0x8 ./Sources/HAL/HAL_NVIC.o
 .group         0x00000000        0x8 ./Sources/HAL/HAL_NVIC.o
 .group         0x00000000        0x8 ./Sources/HAL/HAL_NVIC.o
 .group         0x00000000        0x8 ./Sources/HAL/HAL_NVIC.o
 .group         0x00000000        0x8 ./Sources/HAL/HAL_NVIC.o
 .group         0x00000000        0x8 ./Sources/HAL/HAL_NVIC.o
 .group         0x00000000        0x8 ./Sources/HAL/HAL_NVIC.o
 .group         0x00000000        0x8 ./Sources/HAL/HAL_NVIC.o
 .group         0x00000000        0x8 ./Sources/HAL/HAL_NVIC.o
 .text          0x00000000        0x0 ./Sources/HAL/HAL_NVIC.o
 .data          0x00000000        0x0 ./Sources/HAL/HAL_NVIC.o
 .bss           0x00000000        0x0 ./Sources/HAL/HAL_NVIC.o
 .debug_macro   0x00000000      0x802 ./Sources/HAL/HAL_NVIC.o
 .debug_macro   0x00000000       0x16 ./Sources/HAL/HAL_NVIC.o
 .debug_macro   0x00000000       0x16 ./Sources/HAL/HAL_NVIC.o
 .debug_macro   0x00000000       0x44 ./Sources/HAL/HAL_NVIC.o
 .debug_macro   0x00000000      0x209 ./Sources/HAL/HAL_NVIC.o
 .debug_macro   0x00000000       0x3a ./Sources/HAL/HAL_NVIC.o
 .debug_macro   0x00000000       0x3a ./Sources/HAL/HAL_NVIC.o
 .debug_macro   0x00000000       0x26 ./Sources/HAL/HAL_NVIC.o
 .debug_macro   0x00000000      0x306 ./Sources/HAL/HAL_NVIC.o
 .debug_macro   0x00000000       0x6b ./Sources/HAL/HAL_NVIC.o
 .debug_macro   0x00000000     0xd132 ./Sources/HAL/HAL_NVIC.o
 .group         0x00000000        0x8 ./Sources/HAL/HAL_PORT.o
 .group         0x00000000        0x8 ./Sources/HAL/HAL_PORT.o
 .group         0x00000000        0x8 ./Sources/HAL/HAL_PORT.o
 .group         0x00000000        0x8 ./Sources/HAL/HAL_PORT.o
 .group         0x00000000        0x8 ./Sources/HAL/HAL_PORT.o
 .group         0x00000000        0x8 ./Sources/HAL/HAL_PORT.o
 .group         0x00000000        0x8 ./Sources/HAL/HAL_PORT.o
 .group         0x00000000        0x8 ./Sources/HAL/HAL_PORT.o
 .group         0x00000000        0x8 ./Sources/HAL/HAL_PORT.o
 .group         0x00000000        0x8 ./Sources/HAL/HAL_PORT.o
 .group         0x00000000        0x8 ./Sources/HAL/HAL_PORT.o
 .group         0x00000000        0x8 ./Sources/HAL/HAL_PORT.o
 .text          0x00000000        0x0 ./Sources/HAL/HAL_PORT.o
 .data          0x00000000        0x0 ./Sources/HAL/HAL_PORT.o
 .bss           0x00000000        0x0 ./Sources/HAL/HAL_PORT.o
 .debug_macro   0x00000000      0x802 ./Sources/HAL/HAL_PORT.o
 .debug_macro   0x00000000       0x16 ./Sources/HAL/HAL_PORT.o
 .debug_macro   0x00000000       0x16 ./Sources/HAL/HAL_PORT.o
 .debug_macro   0x00000000       0x44 ./Sources/HAL/HAL_PORT.o
 .debug_macro   0x00000000      0x209 ./Sources/HAL/HAL_PORT.o
 .debug_macro   0x00000000       0x3a ./Sources/HAL/HAL_PORT.o
 .debug_macro   0x00000000       0x3a ./Sources/HAL/HAL_PORT.o
 .debug_macro   0x00000000       0x26 ./Sources/HAL/HAL_PORT.o
 .debug_macro   0x00000000      0x306 ./Sources/HAL/HAL_PORT.o
 .debug_macro   0x00000000       0x6b ./Sources/HAL/HAL_PORT.o
 .debug_macro   0x00000000     0xd132 ./Sources/HAL/HAL_PORT.o
 .group         0x00000000        0x8 ./Sources/HAL/HAL_SIM.o
 .group         0x00000000        0x8 ./Sources/HAL/HAL_SIM.o
 .group         0x00000000        0x8 ./Sources/HAL/HAL_SIM.o
 .group         0x00000000        0x8 ./Sources/HAL/HAL_SIM.o
 .group         0x00000000        0x8 ./Sources/HAL/HAL_SIM.o
 .group         0x00000000        0x8 ./Sources/HAL/HAL_SIM.o
 .group         0x00000000        0x8 ./Sources/HAL/HAL_SIM.o
 .group         0x00000000        0x8 ./Sources/HAL/HAL_SIM.o
 .group         0x00000000        0x8 ./Sources/HAL/HAL_SIM.o
 .group         0x00000000        0x8 ./Sources/HAL/HAL_SIM.o
 .group         0x00000000        0x8 ./Sources/HAL/HAL_SIM.o
 .group         0x00000000        0x8 ./Sources/HAL/HAL_SIM.o
 .text          0x00000000        0x0 ./Sources/HAL/HAL_SIM.o
 .data          0x00000000        0x0 ./Sources/HAL/HAL_SIM.o
 .bss           0x00000000        0x0 ./Sources/HAL/HAL_SIM.o
 .debug_macro   0x00000000      0x802 ./Sources/HAL/HAL_SIM.o
 .debug_macro   0x00000000       0x16 ./Sources/HAL/HAL_SIM.o
 .debug_macro   0x00000000       0x16 ./Sources/HAL/HAL_SIM.o
 .debug_macro   0x00000000       0x44 ./Sources/HAL/HAL_SIM.o
 .debug_macro   0x00000000      0x209 ./Sources/HAL/HAL_SIM.o
 .debug_macro   0x00000000       0x3a ./Sources/HAL/HAL_SIM.o
 .debug_macro   0x00000000       0x3a ./Sources/HAL/HAL_SIM.o
 .debug_macro   0x00000000       0x26 ./Sources/HAL/HAL_SIM.o
 .debug_macro   0x00000000      0x306 ./Sources/HAL/HAL_SIM.o
 .debug_macro   0x00000000       0x6b ./Sources/HAL/HAL_SIM.o
 .debug_macro   0x00000000     0xd132 ./Sources/HAL/HAL_SIM.o
 .group         0x00000000        0x8 ./Sources/DRIVER/DRIVER_GPIO.o
 .group         0x00000000        0x8 ./Sources/DRIVER/DRIVER_GPIO.o
 .group         0x00000000        0x8 ./Sources/DRIVER/DRIVER_GPIO.o
 .group         0x00000000        0x8 ./Sources/DRIVER/DRIVER_GPIO.o
 .group         0x00000000        0x8 ./Sources/DRIVER/DRIVER_GPIO.o
 .group         0x00000000        0x8 ./Sources/DRIVER/DRIVER_GPIO.o
 .group         0x00000000        0x8 ./Sources/DRIVER/DRIVER_GPIO.o
 .group         0x00000000        0x8 ./Sources/DRIVER/DRIVER_GPIO.o
 .group         0x00000000        0x8 ./Sources/DRIVER/DRIVER_GPIO.o
 .group         0x00000000        0x8 ./Sources/DRIVER/DRIVER_GPIO.o
 .group         0x00000000        0x8 ./Sources/DRIVER/DRIVER_GPIO.o
 .text          0x00000000        0x0 ./Sources/DRIVER/DRIVER_GPIO.o
 .data          0x00000000        0x0 ./Sources/DRIVER/DRIVER_GPIO.o
 .bss           0x00000000        0x0 ./Sources/DRIVER/DRIVER_GPIO.o
 .debug_macro   0x00000000      0x802 ./Sources/DRIVER/DRIVER_GPIO.o
 .debug_macro   0x00000000       0x16 ./Sources/DRIVER/DRIVER_GPIO.o
 .debug_macro   0x00000000       0x16 ./Sources/DRIVER/DRIVER_GPIO.o
 .debug_macro   0x00000000       0x44 ./Sources/DRIVER/DRIVER_GPIO.o
 .debug_macro   0x00000000      0x209 ./Sources/DRIVER/DRIVER_GPIO.o
 .debug_macro   0x00000000       0x3a ./Sources/DRIVER/DRIVER_GPIO.o
 .debug_macro   0x00000000       0x3a ./Sources/DRIVER/DRIVER_GPIO.o
 .debug_macro   0x00000000       0x26 ./Sources/DRIVER/DRIVER_GPIO.o
 .debug_macro   0x00000000      0x306 ./Sources/DRIVER/DRIVER_GPIO.o
 .debug_macro   0x00000000       0x6b ./Sources/DRIVER/DRIVER_GPIO.o
 .debug_macro   0x00000000     0xd132 ./Sources/DRIVER/DRIVER_GPIO.o
 .group         0x00000000        0x8 ./Sources/DRIVER/DRIVER_NVIC.o
 .group         0x00000000        0x8 ./Sources/DRIVER/DRIVER_NVIC.o
 .group         0x00000000        0x8 ./Sources/DRIVER/DRIVER_NVIC.o
 .group         0x00000000        0x8 ./Sources/DRIVER/DRIVER_NVIC.o
 .group         0x00000000        0x8 ./Sources/DRIVER/DRIVER_NVIC.o
 .group         0x00000000        0x8 ./Sources/DRIVER/DRIVER_NVIC.o
 .group         0x00000000        0x8 ./Sources/DRIVER/DRIVER_NVIC.o
 .group         0x00000000        0x8 ./Sources/DRIVER/DRIVER_NVIC.o
 .group         0x00000000        0x8 ./Sources/DRIVER/DRIVER_NVIC.o
 .group         0x00000000        0x8 ./Sources/DRIVER/DRIVER_NVIC.o
 .group         0x00000000        0x8 ./Sources/DRIVER/DRIVER_NVIC.o
 .group         0x00000000        0x8 ./Sources/DRIVER/DRIVER_NVIC.o
 .text          0x00000000        0x0 ./Sources/DRIVER/DRIVER_NVIC.o
 .data          0x00000000        0x0 ./Sources/DRIVER/DRIVER_NVIC.o
 .bss           0x00000000        0x0 ./Sources/DRIVER/DRIVER_NVIC.o
 .debug_macro   0x00000000      0x802 ./Sources/DRIVER/DRIVER_NVIC.o
 .debug_macro   0x00000000       0x16 ./Sources/DRIVER/DRIVER_NVIC.o
 .debug_macro   0x00000000       0x16 ./Sources/DRIVER/DRIVER_NVIC.o
 .debug_macro   0x00000000       0x44 ./Sources/DRIVER/DRIVER_NVIC.o
 .debug_macro   0x00000000      0x209 ./Sources/DRIVER/DRIVER_NVIC.o
 .debug_macro   0x00000000       0x3a ./Sources/DRIVER/DRIVER_NVIC.o
 .debug_macro   0x00000000       0x3a ./Sources/DRIVER/DRIVER_NVIC.o
 .debug_macro   0x00000000       0x26 ./Sources/DRIVER/DRIVER_NVIC.o
 .debug_macro   0x00000000      0x306 ./Sources/DRIVER/DRIVER_NVIC.o
 .debug_macro   0x00000000       0x6b ./Sources/DRIVER/DRIVER_NVIC.o
 .debug_macro   0x00000000     0xd132 ./Sources/DRIVER/DRIVER_NVIC.o
 .debug_macro   0x00000000       0x10 ./Sources/DRIVER/DRIVER_NVIC.o
 .group         0x00000000        0x8 ./Sources/DRIVER/DRIVER_PORT.o
 .group         0x00000000        0x8 ./Sources/DRIVER/DRIVER_PORT.o
 .group         0x00000000        0x8 ./Sources/DRIVER/DRIVER_PORT.o
 .group         0x00000000        0x8 ./Sources/DRIVER/DRIVER_PORT.o
 .group         0x00000000        0x8 ./Sources/DRIVER/DRIVER_PORT.o
 .group         0x00000000        0x8 ./Sources/DRIVER/DRIVER_PORT.o
 .group         0x00000000        0x8 ./Sources/DRIVER/DRIVER_PORT.o
 .group         0x00000000        0x8 ./Sources/DRIVER/DRIVER_PORT.o
 .group         0x00000000        0x8 ./Sources/DRIVER/DRIVER_PORT.o
 .group         0x00000000        0x8 ./Sources/DRIVER/DRIVER_PORT.o
 .group         0x00000000        0x8 ./Sources/DRIVER/DRIVER_PORT.o
 .group         0x00000000        0x8 ./Sources/DRIVER/DRIVER_PORT.o
 .text          0x00000000        0x0 ./Sources/DRIVER/DRIVER_PORT.o
 .data          0x00000000        0x0 ./Sources/DRIVER/DRIVER_PORT.o
 .bss           0x00000000        0x0 ./Sources/DRIVER/DRIVER_PORT.o
 .debug_macro   0x00000000      0x802 ./Sources/DRIVER/DRIVER_PORT.o
 .debug_macro   0x00000000       0x10 ./Sources/DRIVER/DRIVER_PORT.o
 .debug_macro   0x00000000       0x16 ./Sources/DRIVER/DRIVER_PORT.o
 .debug_macro   0x00000000       0x16 ./Sources/DRIVER/DRIVER_PORT.o
 .debug_macro   0x00000000       0x44 ./Sources/DRIVER/DRIVER_PORT.o
 .debug_macro   0x00000000      0x209 ./Sources/DRIVER/DRIVER_PORT.o
 .debug_macro   0x00000000       0x3a ./Sources/DRIVER/DRIVER_PORT.o
 .debug_macro   0x00000000       0x3a ./Sources/DRIVER/DRIVER_PORT.o
 .debug_macro   0x00000000       0x26 ./Sources/DRIVER/DRIVER_PORT.o
 .debug_macro   0x00000000      0x306 ./Sources/DRIVER/DRIVER_PORT.o
 .debug_macro   0x00000000       0x6b ./Sources/DRIVER/DRIVER_PORT.o
 .debug_macro   0x00000000     0xd132 ./Sources/DRIVER/DRIVER_PORT.o
 .group         0x00000000        0x8 ./Sources/DRIVER/DRIVER_SIM.o
 .group         0x00000000        0x8 ./Sources/DRIVER/DRIVER_SIM.o
 .group         0x00000000        0x8 ./Sources/DRIVER/DRIVER_SIM.o
 .group         0x00000000        0x8 ./Sources/DRIVER/DRIVER_SIM.o
 .group         0x00000000        0x8 ./Sources/DRIVER/DRIVER_SIM.o
 .group         0x00000000        0x8 ./Sources/DRIVER/DRIVER_SIM.o
 .group         0x00000000        0x8 ./Sources/DRIVER/DRIVER_SIM.o
 .group         0x00000000        0x8 ./Sources/DRIVER/DRIVER_SIM.o
 .group         0x00000000        0x8 ./Sources/DRIVER/DRIVER_SIM.o
 .group         0x00000000        0x8 ./Sources/DRIVER/DRIVER_SIM.o
 .group         0x00000000        0x8 ./Sources/DRIVER/DRIVER_SIM.o
 .group         0x00000000        0x8 ./Sources/DRIVER/DRIVER_SIM.o
 .text          0x00000000        0x0 ./Sources/DRIVER/DRIVER_SIM.o
 .data          0x00000000        0x0 ./Sources/DRIVER/DRIVER_SIM.o
 .bss           0x00000000        0x0 ./Sources/DRIVER/DRIVER_SIM.o
 .debug_macro   0x00000000      0x802 ./Sources/DRIVER/DRIVER_SIM.o
 .debug_macro   0x00000000       0x16 ./Sources/DRIVER/DRIVER_SIM.o
 .debug_macro   0x00000000       0x16 ./Sources/DRIVER/DRIVER_SIM.o
 .debug_macro   0x00000000       0x44 ./Sources/DRIVER/DRIVER_SIM.o
 .debug_macro   0x00000000      0x209 ./Sources/DRIVER/DRIVER_SIM.o
 .debug_macro   0x00000000       0x3a ./Sources/DRIVER/DRIVER_SIM.o
 .debug_macro   0x00000000       0x3a ./Sources/DRIVER/DRIVER_SIM.o
 .debug_macro   0x00000000       0x26 ./Sources/DRIVER/DRIVER_SIM.o
 .debug_macro   0x00000000      0x306 ./Sources/DRIVER/DRIVER_SIM.o
 .debug_macro   0x00000000       0x6b ./Sources/DRIVER/DRIVER_SIM.o
 .debug_macro   0x00000000     0xd132 ./Sources/DRIVER/DRIVER_SIM.o
 .debug_macro   0x00000000       0x10 ./Sources/DRIVER/DRIVER_SIM.o
 .group         0x00000000        0x8 ./Sources/main.o
 .group         0x00000000        0x8 ./Sources/main.o
 .group         0x00000000        0x8 ./Sources/main.o
 .group         0x00000000        0x8 ./Sources/main.o
 .group         0x00000000        0x8 ./Sources/main.o
 .group         0x00000000        0x8 ./Sources/main.o
 .group         0x00000000        0x8 ./Sources/main.o
 .group         0x00000000        0x8 ./Sources/main.o
 .group         0x00000000        0x8 ./Sources/main.o
 .group         0x00000000        0x8 ./Sources/main.o
 .group         0x00000000        0x8 ./Sources/main.o
 .group         0x00000000        0x8 ./Sources/main.o
 .group         0x00000000        0x8 ./Sources/main.o
 .group         0x00000000        0x8 ./Sources/main.o
 .text          0x00000000        0x0 ./Sources/main.o
 .data          0x00000000        0x0 ./Sources/main.o
 .bss           0x00000000        0x0 ./Sources/main.o
 .debug_macro   0x00000000      0x802 ./Sources/main.o
 .debug_macro   0x00000000       0x16 ./Sources/main.o
 .debug_macro   0x00000000       0x16 ./Sources/main.o
 .debug_macro   0x00000000       0x44 ./Sources/main.o
 .debug_macro   0x00000000      0x209 ./Sources/main.o
 .debug_macro   0x00000000       0x3a ./Sources/main.o
 .debug_macro   0x00000000       0x3a ./Sources/main.o
 .debug_macro   0x00000000       0x26 ./Sources/main.o
 .debug_macro   0x00000000      0x306 ./Sources/main.o
 .debug_macro   0x00000000       0x6b ./Sources/main.o
 .debug_macro   0x00000000     0xd132 ./Sources/main.o
 .debug_macro   0x00000000       0x10 ./Sources/main.o
 .debug_macro   0x00000000       0x10 ./Sources/main.o
 .debug_macro   0x00000000       0x10 ./Sources/main.o
 .data          0x00000000        0x0 ./Project_Settings/Startup_Code/startup_MKL46Z4.o
 .bss           0x00000000        0x0 ./Project_Settings/Startup_Code/startup_MKL46Z4.o
 .group         0x00000000        0x8 ./Project_Settings/Startup_Code/system_MKL46Z4.o
 .group         0x00000000        0x8 ./Project_Settings/Startup_Code/system_MKL46Z4.o
 .group         0x00000000        0x8 ./Project_Settings/Startup_Code/system_MKL46Z4.o
 .group         0x00000000        0x8 ./Project_Settings/Startup_Code/system_MKL46Z4.o
 .group         0x00000000        0x8 ./Project_Settings/Startup_Code/system_MKL46Z4.o
 .group         0x00000000        0x8 ./Project_Settings/Startup_Code/system_MKL46Z4.o
 .group         0x00000000        0x8 ./Project_Settings/Startup_Code/system_MKL46Z4.o
 .group         0x00000000        0x8 ./Project_Settings/Startup_Code/system_MKL46Z4.o
 .group         0x00000000        0x8 ./Project_Settings/Startup_Code/system_MKL46Z4.o
 .group         0x00000000        0x8 ./Project_Settings/Startup_Code/system_MKL46Z4.o
 .text          0x00000000        0x0 ./Project_Settings/Startup_Code/system_MKL46Z4.o
 .data          0x00000000        0x0 ./Project_Settings/Startup_Code/system_MKL46Z4.o
 .bss           0x00000000        0x0 ./Project_Settings/Startup_Code/system_MKL46Z4.o
 .data.SystemCoreClock
                0x00000000        0x4 ./Project_Settings/Startup_Code/system_MKL46Z4.o
 .text.SystemCoreClockUpdate
                0x00000000      0x23c ./Project_Settings/Startup_Code/system_MKL46Z4.o
 .debug_macro   0x00000000      0x802 ./Project_Settings/Startup_Code/system_MKL46Z4.o
 .debug_macro   0x00000000       0x16 ./Project_Settings/Startup_Code/system_MKL46Z4.o
 .debug_macro   0x00000000       0x44 ./Project_Settings/Startup_Code/system_MKL46Z4.o
 .debug_macro   0x00000000      0x209 ./Project_Settings/Startup_Code/system_MKL46Z4.o
 .debug_macro   0x00000000       0x3a ./Project_Settings/Startup_Code/system_MKL46Z4.o
 .debug_macro   0x00000000       0x26 ./Project_Settings/Startup_Code/system_MKL46Z4.o
 .debug_macro   0x00000000      0x306 ./Project_Settings/Startup_Code/system_MKL46Z4.o
 .debug_macro   0x00000000       0x6b ./Project_Settings/Startup_Code/system_MKL46Z4.o
 .debug_macro   0x00000000     0xd132 ./Project_Settings/Startup_Code/system_MKL46Z4.o
 .text          0x00000000       0x9c c:/freescale/kds_v3/toolchain/bin/../lib/gcc/arm-none-eabi/4.8.4/armv6-m\libgcc.a(_udivsi3.o)
 .data          0x00000000        0x0 c:/freescale/kds_v3/toolchain/bin/../lib/gcc/arm-none-eabi/4.8.4/armv6-m\libgcc.a(_udivsi3.o)
 .bss           0x00000000        0x0 c:/freescale/kds_v3/toolchain/bin/../lib/gcc/arm-none-eabi/4.8.4/armv6-m\libgcc.a(_udivsi3.o)
 .debug_frame   0x00000000       0x20 c:/freescale/kds_v3/toolchain/bin/../lib/gcc/arm-none-eabi/4.8.4/armv6-m\libgcc.a(_udivsi3.o)
 .ARM.attributes
                0x00000000       0x1e c:/freescale/kds_v3/toolchain/bin/../lib/gcc/arm-none-eabi/4.8.4/armv6-m\libgcc.a(_udivsi3.o)
 .text          0x00000000        0x4 c:/freescale/kds_v3/toolchain/bin/../lib/gcc/arm-none-eabi/4.8.4/armv6-m\libgcc.a(_dvmd_tls.o)
 .data          0x00000000        0x0 c:/freescale/kds_v3/toolchain/bin/../lib/gcc/arm-none-eabi/4.8.4/armv6-m\libgcc.a(_dvmd_tls.o)
 .bss           0x00000000        0x0 c:/freescale/kds_v3/toolchain/bin/../lib/gcc/arm-none-eabi/4.8.4/armv6-m\libgcc.a(_dvmd_tls.o)
 .ARM.attributes
                0x00000000       0x1e c:/freescale/kds_v3/toolchain/bin/../lib/gcc/arm-none-eabi/4.8.4/armv6-m\libgcc.a(_dvmd_tls.o)
 .text          0x00000000        0x0 c:/freescale/kds_v3/toolchain/bin/../lib/gcc/arm-none-eabi/4.8.4/../../../../arm-none-eabi/lib/armv6-m\libg_s.a(lib_a-exit.o)
 .data          0x00000000        0x0 c:/freescale/kds_v3/toolchain/bin/../lib/gcc/arm-none-eabi/4.8.4/../../../../arm-none-eabi/lib/armv6-m\libg_s.a(lib_a-exit.o)
 .bss           0x00000000        0x0 c:/freescale/kds_v3/toolchain/bin/../lib/gcc/arm-none-eabi/4.8.4/../../../../arm-none-eabi/lib/armv6-m\libg_s.a(lib_a-exit.o)
 .text          0x00000000        0x0 c:/freescale/kds_v3/toolchain/bin/../lib/gcc/arm-none-eabi/4.8.4/../../../../arm-none-eabi/lib/armv6-m\libg_s.a(lib_a-impure.o)
 .data          0x00000000        0x0 c:/freescale/kds_v3/toolchain/bin/../lib/gcc/arm-none-eabi/4.8.4/../../../../arm-none-eabi/lib/armv6-m\libg_s.a(lib_a-impure.o)
 .bss           0x00000000        0x0 c:/freescale/kds_v3/toolchain/bin/../lib/gcc/arm-none-eabi/4.8.4/../../../../arm-none-eabi/lib/armv6-m\libg_s.a(lib_a-impure.o)
 .data._impure_ptr
                0x00000000        0x4 c:/freescale/kds_v3/toolchain/bin/../lib/gcc/arm-none-eabi/4.8.4/../../../../arm-none-eabi/lib/armv6-m\libg_s.a(lib_a-impure.o)
 .text          0x00000000        0x0 c:/freescale/kds_v3/toolchain/bin/../lib/gcc/arm-none-eabi/4.8.4/../../../../arm-none-eabi/lib/armv6-m\libg_s.a(lib_a-init.o)
 .data          0x00000000        0x0 c:/freescale/kds_v3/toolchain/bin/../lib/gcc/arm-none-eabi/4.8.4/../../../../arm-none-eabi/lib/armv6-m\libg_s.a(lib_a-init.o)
 .bss           0x00000000        0x0 c:/freescale/kds_v3/toolchain/bin/../lib/gcc/arm-none-eabi/4.8.4/../../../../arm-none-eabi/lib/armv6-m\libg_s.a(lib_a-init.o)
 .text          0x00000000        0x0 c:/freescale/kds_v3/toolchain/bin/../lib/gcc/arm-none-eabi/4.8.4/../../../../arm-none-eabi/lib/armv6-m\libg_s.a(lib_a-memset.o)
 .data          0x00000000        0x0 c:/freescale/kds_v3/toolchain/bin/../lib/gcc/arm-none-eabi/4.8.4/../../../../arm-none-eabi/lib/armv6-m\libg_s.a(lib_a-memset.o)
 .bss           0x00000000        0x0 c:/freescale/kds_v3/toolchain/bin/../lib/gcc/arm-none-eabi/4.8.4/../../../../arm-none-eabi/lib/armv6-m\libg_s.a(lib_a-memset.o)
 .text          0x00000000        0x0 c:/freescale/kds_v3/toolchain/bin/../lib/gcc/arm-none-eabi/4.8.4/../../../../arm-none-eabi/lib/armv6-m\libnosys.a(_exit.o)
 .data          0x00000000        0x0 c:/freescale/kds_v3/toolchain/bin/../lib/gcc/arm-none-eabi/4.8.4/../../../../arm-none-eabi/lib/armv6-m\libnosys.a(_exit.o)
 .bss           0x00000000        0x0 c:/freescale/kds_v3/toolchain/bin/../lib/gcc/arm-none-eabi/4.8.4/../../../../arm-none-eabi/lib/armv6-m\libnosys.a(_exit.o)
 .text          0x00000000        0x0 c:/freescale/kds_v3/toolchain/bin/../lib/gcc/arm-none-eabi/4.8.4/armv6-m/crtend.o
 .data          0x00000000        0x0 c:/freescale/kds_v3/toolchain/bin/../lib/gcc/arm-none-eabi/4.8.4/armv6-m/crtend.o
 .bss           0x00000000        0x0 c:/freescale/kds_v3/toolchain/bin/../lib/gcc/arm-none-eabi/4.8.4/armv6-m/crtend.o
 .eh_frame      0x00000000        0x4 c:/freescale/kds_v3/toolchain/bin/../lib/gcc/arm-none-eabi/4.8.4/armv6-m/crtend.o
 .text          0x00000000        0x0 c:/freescale/kds_v3/toolchain/bin/../lib/gcc/arm-none-eabi/4.8.4/armv6-m/crtn.o
 .data          0x00000000        0x0 c:/freescale/kds_v3/toolchain/bin/../lib/gcc/arm-none-eabi/4.8.4/armv6-m/crtn.o
 .bss           0x00000000        0x0 c:/freescale/kds_v3/toolchain/bin/../lib/gcc/arm-none-eabi/4.8.4/armv6-m/crtn.o

Memory Configuration

Name             Origin             Length             Attributes
m_interrupts     0x00000000         0x00000100         xr
m_flash_config   0x00000400         0x00000010         xr
m_text           0x00000410         0x0003fbf0         xr
m_data           0x1fffe000         0x00008000         rw
*default*        0x00000000         0xffffffff

Linker script and memory map

LOAD c:/freescale/kds_v3/toolchain/bin/../lib/gcc/arm-none-eabi/4.8.4/armv6-m/crti.o
LOAD c:/freescale/kds_v3/toolchain/bin/../lib/gcc/arm-none-eabi/4.8.4/armv6-m/crtbegin.o
LOAD c:/freescale/kds_v3/toolchain/bin/../lib/gcc/arm-none-eabi/4.8.4/../../../../arm-none-eabi/lib/armv6-m/crt0.o
LOAD ./Sources/HAL/HAL_GPIO.o
LOAD ./Sources/HAL/HAL_NVIC.o
LOAD ./Sources/HAL/HAL_PORT.o
LOAD ./Sources/HAL/HAL_SIM.o
LOAD ./Sources/DRIVER/DRIVER_GPIO.o
LOAD ./Sources/DRIVER/DRIVER_NVIC.o
LOAD ./Sources/DRIVER/DRIVER_PORT.o
LOAD ./Sources/DRIVER/DRIVER_SIM.o
LOAD ./Sources/main.o
LOAD ./Project_Settings/Startup_Code/startup_MKL46Z4.o
LOAD ./Project_Settings/Startup_Code/system_MKL46Z4.o
LOAD c:/freescale/kds_v3/toolchain/bin/../lib/gcc/arm-none-eabi/4.8.4/../../../../arm-none-eabi/lib/armv6-m\libstdc++_s.a
LOAD c:/freescale/kds_v3/toolchain/bin/../lib/gcc/arm-none-eabi/4.8.4/../../../../arm-none-eabi/lib/armv6-m\libm.a
START GROUP
LOAD c:/freescale/kds_v3/toolchain/bin/../lib/gcc/arm-none-eabi/4.8.4/armv6-m\libgcc.a
LOAD c:/freescale/kds_v3/toolchain/bin/../lib/gcc/arm-none-eabi/4.8.4/../../../../arm-none-eabi/lib/armv6-m\libg_s.a
LOAD c:/freescale/kds_v3/toolchain/bin/../lib/gcc/arm-none-eabi/4.8.4/../../../../arm-none-eabi/lib/armv6-m\libc_s.a
END GROUP
START GROUP
LOAD c:/freescale/kds_v3/toolchain/bin/../lib/gcc/arm-none-eabi/4.8.4/armv6-m\libgcc.a
LOAD c:/freescale/kds_v3/toolchain/bin/../lib/gcc/arm-none-eabi/4.8.4/../../../../arm-none-eabi/lib/armv6-m\libc_s.a
LOAD c:/freescale/kds_v3/toolchain/bin/../lib/gcc/arm-none-eabi/4.8.4/../../../../arm-none-eabi/lib/armv6-m\libnosys.a
END GROUP
START GROUP
LOAD c:/freescale/kds_v3/toolchain/bin/../lib/gcc/arm-none-eabi/4.8.4/armv6-m\libgcc.a
LOAD c:/freescale/kds_v3/toolchain/bin/../lib/gcc/arm-none-eabi/4.8.4/../../../../arm-none-eabi/lib/armv6-m\libc_s.a
LOAD c:/freescale/kds_v3/toolchain/bin/../lib/gcc/arm-none-eabi/4.8.4/../../../../arm-none-eabi/lib/armv6-m\libnosys.a
END GROUP
LOAD c:/freescale/kds_v3/toolchain/bin/../lib/gcc/arm-none-eabi/4.8.4/armv6-m/crtend.o
LOAD c:/freescale/kds_v3/toolchain/bin/../lib/gcc/arm-none-eabi/4.8.4/armv6-m/crtn.o
                0x00000400                HEAP_SIZE = DEFINED (__heap_size__)?__heap_size__:0x400
                0x00000400                STACK_SIZE = DEFINED (__stack_size__)?__stack_size__:0x400

.interrupts     0x00000000       0xc0
                0x00000000                __VECTOR_TABLE = .
                0x00000000                . = ALIGN (0x4)
 *(.isr_vector)
 .isr_vector    0x00000000       0xc0 ./Project_Settings/Startup_Code/startup_MKL46Z4.o
                0x00000000                __isr_vector
                0x000000c0                . = ALIGN (0x4)

.flash_config   0x00000400       0x10
                0x00000400                . = ALIGN (0x4)
 *(.FlashConfig)
 .FlashConfig   0x00000400       0x10 ./Project_Settings/Startup_Code/startup_MKL46Z4.o
                0x00000410                . = ALIGN (0x4)

.text           0x00000410      0x790
                0x00000410                . = ALIGN (0x4)
 *(.text)
 .text          0x00000410       0x60 c:/freescale/kds_v3/toolchain/bin/../lib/gcc/arm-none-eabi/4.8.4/armv6-m/crtbegin.o
 .text          0x00000470       0x78 c:/freescale/kds_v3/toolchain/bin/../lib/gcc/arm-none-eabi/4.8.4/../../../../arm-none-eabi/lib/armv6-m/crt0.o
                0x00000470                _start
                0x00000470                _mainCRTStartup
 .text          0x000004e8       0x34 ./Project_Settings/Startup_Code/startup_MKL46Z4.o
                0x000004e8                Reset_Handler
                0x00000514                HardFault_Handler
                0x00000514                SysTick_Handler
                0x00000514                PendSV_Handler
                0x00000514                NMI_Handler
                0x00000514                I2C1_IRQHandler
                0x00000514                UART1_IRQHandler
                0x00000514                DMA2_IRQHandler
                0x00000514                TPM0_IRQHandler
                0x00000514                I2S0_IRQHandler
                0x00000514                LLWU_IRQHandler
                0x00000514                TSI0_IRQHandler
                0x00000514                UART0_IRQHandler
                0x00000514                ADC0_IRQHandler
                0x00000514                SPI1_IRQHandler
                0x00000514                DefaultISR
                0x00000514                TPM2_IRQHandler
                0x00000514                RTC_IRQHandler
                0x00000514                I2C0_IRQHandler
                0x00000514                LCD_IRQHandler
                0x00000514                RTC_Seconds_IRQHandler
                0x00000514                MCG_IRQHandler
                0x00000514                UART2_IRQHandler
                0x00000514                Reserved20_IRQHandler
                0x00000514                USB0_IRQHandler
                0x00000514                PIT_IRQHandler
                0x00000514                SVC_Handler
                0x00000514                DMA3_IRQHandler
                0x00000514                DMA0_IRQHandler
                0x00000514                DAC0_IRQHandler
                0x00000514                TPM1_IRQHandler
                0x00000514                LVD_LVW_IRQHandler
                0x00000514                SPI0_IRQHandler
                0x00000514                PORTA_IRQHandler
                0x00000514                FTFA_IRQHandler
                0x00000514                LPTMR0_IRQHandler
                0x00000514                CMP0_IRQHandler
                0x00000514                DMA1_IRQHandler
 *(.text*)
 .text.HAL_GPIO_INIT
                0x0000051c       0x40 ./Sources/HAL/HAL_GPIO.o
                0x0000051c                HAL_GPIO_INIT
 .text.HAL_GPIO_TOGGLE_PIN
                0x0000055c       0x1c ./Sources/HAL/HAL_GPIO.o
                0x0000055c                HAL_GPIO_TOGGLE_PIN
 .text.HAL_GPIO_WritePin
                0x00000578       0x40 ./Sources/HAL/HAL_GPIO.o
                0x00000578                HAL_GPIO_WritePin
 .text.NVIC_EnableIRQ
                0x000005b8       0x2c ./Sources/HAL/HAL_NVIC.o
 .text.HAL_EnableIRQ
                0x000005e4       0x20 ./Sources/HAL/HAL_NVIC.o
                0x000005e4                HAL_EnableIRQ
 .text.HAL_PORT_getInterruptFlag
                0x00000604       0x1c ./Sources/HAL/HAL_PORT.o
                0x00000604                HAL_PORT_getInterruptFlag
 .text.HAL_PORT_clearInterruptFlag
                0x00000620       0x24 ./Sources/HAL/HAL_PORT.o
                0x00000620                HAL_PORT_clearInterruptFlag
 .text.HAL_PORT_config
                0x00000644       0x4c ./Sources/HAL/HAL_PORT.o
                0x00000644                HAL_PORT_config
 .text.HAL_PORT_interrupt_config
                0x00000690       0x54 ./Sources/HAL/HAL_PORT.o
                0x00000690                HAL_PORT_interrupt_config
 .text.HAL_PORT_pull_enable
                0x000006e4       0x54 ./Sources/HAL/HAL_PORT.o
                0x000006e4                HAL_PORT_pull_enable
 .text.HAL_PORT_pull_select
                0x00000738       0x54 ./Sources/HAL/HAL_PORT.o
                0x00000738                HAL_PORT_pull_select
 .text.HAL_SIM_enableClock
                0x0000078c       0x2c ./Sources/HAL/HAL_SIM.o
                0x0000078c                HAL_SIM_enableClock
 .text.DRIVER_GPIO_INIT
                0x000007b8       0x24 ./Sources/DRIVER/DRIVER_GPIO.o
                0x000007b8                DRIVER_GPIO_INIT
 .text.DRIVER_GPIO_TOGGLE_PIN
                0x000007dc       0x1c ./Sources/DRIVER/DRIVER_GPIO.o
                0x000007dc                DRIVER_GPIO_TOGGLE_PIN
 .text.DRIVER_GPIO_WritePin
                0x000007f8       0x28 ./Sources/DRIVER/DRIVER_GPIO.o
                0x000007f8                DRIVER_GPIO_WritePin
 .text.DRIVER_NVIC_enableIRQ
                0x00000820       0x20 ./Sources/DRIVER/DRIVER_NVIC.o
                0x00000820                DRIVER_NVIC_enableIRQ
 .text.DRIVER_PORT_getInterruptFlag
                0x00000840       0x20 ./Sources/DRIVER/DRIVER_PORT.o
                0x00000840                DRIVER_PORT_getInterruptFlag
 .text.DRIVER_PORT_clearInterruptFlag
                0x00000860       0x1c ./Sources/DRIVER/DRIVER_PORT.o
                0x00000860                DRIVER_PORT_clearInterruptFlag
 .text.DRIVER_PORT_INIT
                0x0000087c       0x2c ./Sources/DRIVER/DRIVER_PORT.o
                0x0000087c                DRIVER_PORT_INIT
 .text.DRIVER_PORT_interrupt_config
                0x000008a8       0x2c ./Sources/DRIVER/DRIVER_PORT.o
                0x000008a8                DRIVER_PORT_interrupt_config
 .text.DRIVER_PORT_pull_resistor
                0x000008d4       0x48 ./Sources/DRIVER/DRIVER_PORT.o
                0x000008d4                DRIVER_PORT_pull_resistor
 .text.DRIVER_SIM_enableClock
                0x0000091c       0x1c ./Sources/DRIVER/DRIVER_SIM.o
                0x0000091c                DRIVER_SIM_enableClock
 .text.LED_GREEN_INIT
                0x00000938       0x44 ./Sources/main.o
                0x00000938                LED_GREEN_INIT
 .text.LED_RED_INIT
                0x0000097c       0x4c ./Sources/main.o
                0x0000097c                LED_RED_INIT
 .text.Button_SW1_SW3_INIT
                0x000009c8       0x98 ./Sources/main.o
                0x000009c8                Button_SW1_SW3_INIT
 .text.PORTC_PORTD_IRQHandler
                0x00000a60       0x68 ./Sources/main.o
                0x00000a60                PORTC_PORTD_IRQHandler
 .text.main     0x00000ac8       0x14 ./Sources/main.o
                0x00000ac8                main
 .text.SystemInit
                0x00000adc       0x18 ./Project_Settings/Startup_Code/system_MKL46Z4.o
                0x00000adc                SystemInit
 .text.exit     0x00000af4       0x2c c:/freescale/kds_v3/toolchain/bin/../lib/gcc/arm-none-eabi/4.8.4/../../../../arm-none-eabi/lib/armv6-m\libg_s.a(lib_a-exit.o)
                0x00000af4                exit
 .text.__libc_init_array
                0x00000b20       0x4c c:/freescale/kds_v3/toolchain/bin/../lib/gcc/arm-none-eabi/4.8.4/../../../../arm-none-eabi/lib/armv6-m\libg_s.a(lib_a-init.o)
                0x00000b20                __libc_init_array
 .text.memset   0x00000b6c       0x10 c:/freescale/kds_v3/toolchain/bin/../lib/gcc/arm-none-eabi/4.8.4/../../../../arm-none-eabi/lib/armv6-m\libg_s.a(lib_a-memset.o)
                0x00000b6c                memset
 .text._exit    0x00000b7c        0x4 c:/freescale/kds_v3/toolchain/bin/../lib/gcc/arm-none-eabi/4.8.4/../../../../arm-none-eabi/lib/armv6-m\libnosys.a(_exit.o)
                0x00000b7c                _exit
 *(.rodata)
 *(.rodata*)
 .rodata.str1.1
                0x00000b80        0x2 c:/freescale/kds_v3/toolchain/bin/../lib/gcc/arm-none-eabi/4.8.4/../../../../arm-none-eabi/lib/armv6-m\libg_s.a(lib_a-impure.o)
 *fill*         0x00000b82        0x2 
 .rodata._global_impure_ptr
                0x00000b84        0x4 c:/freescale/kds_v3/toolchain/bin/../lib/gcc/arm-none-eabi/4.8.4/../../../../arm-none-eabi/lib/armv6-m\libg_s.a(lib_a-impure.o)
                0x00000b84                _global_impure_ptr
 *(.glue_7)
 .glue_7        0x00000000        0x0 linker stubs
 *(.glue_7t)
 .glue_7t       0x00000000        0x0 linker stubs
 *(.eh_frame)
 .eh_frame      0x00000b88        0x0 c:/freescale/kds_v3/toolchain/bin/../lib/gcc/arm-none-eabi/4.8.4/armv6-m/crtbegin.o
 *(.init)
 .init          0x00000b88        0x4 c:/freescale/kds_v3/toolchain/bin/../lib/gcc/arm-none-eabi/4.8.4/armv6-m/crti.o
                0x00000b88                _init
 .init          0x00000b8c        0x8 c:/freescale/kds_v3/toolchain/bin/../lib/gcc/arm-none-eabi/4.8.4/armv6-m/crtn.o
 *(.fini)
 .fini          0x00000b94        0x4 c:/freescale/kds_v3/toolchain/bin/../lib/gcc/arm-none-eabi/4.8.4/armv6-m/crti.o
                0x00000b94                _fini
 .fini          0x00000b98        0x8 c:/freescale/kds_v3/toolchain/bin/../lib/gcc/arm-none-eabi/4.8.4/armv6-m/crtn.o
                0x00000ba0                . = ALIGN (0x4)

.vfp11_veneer   0x00000ba0        0x0
 .vfp11_veneer  0x00000000        0x0 linker stubs

.v4_bx          0x00000ba0        0x0
 .v4_bx         0x00000000        0x0 linker stubs

.iplt           0x00000ba0        0x0
 .iplt          0x00000000        0x0 c:/freescale/kds_v3/toolchain/bin/../lib/gcc/arm-none-eabi/4.8.4/armv6-m/crtbegin.o

.ARM.extab
 *(.ARM.extab* .gnu.linkonce.armextab.*)

.ARM            0x00000ba0        0x8
                0x00000ba0                __exidx_start = .
 *(.ARM.exidx*)
 .ARM.exidx     0x00000ba0        0x8 c:/freescale/kds_v3/toolchain/bin/../lib/gcc/arm-none-eabi/4.8.4/../../../../arm-none-eabi/lib/armv6-m/crt0.o
                0x00000ba8                __exidx_end = .

.rel.dyn        0x00000ba8        0x0
 .rel.iplt      0x00000000        0x0 c:/freescale/kds_v3/toolchain/bin/../lib/gcc/arm-none-eabi/4.8.4/armv6-m/crtbegin.o

.ctors          0x00000ba8        0x0
                0x00000ba8                __CTOR_LIST__ = .
 *crtbegin.o(.ctors)
 *crtbegin?.o(.ctors)
 *(EXCLUDE_FILE(*crtend.o *crtend?.o) .ctors)
 *(SORT(.ctors.*))
 *(.ctors)
                0x00000ba8                __CTOR_END__ = .

.dtors          0x00000ba8        0x0
                0x00000ba8                __DTOR_LIST__ = .
 *crtbegin.o(.dtors)
 *crtbegin?.o(.dtors)
 *(EXCLUDE_FILE(*crtend.o *crtend?.o) .dtors)
 *(SORT(.dtors.*))
 *(.dtors)
                0x00000ba8                __DTOR_END__ = .

.preinit_array  0x00000ba8        0x0
                0x00000ba8                PROVIDE (__preinit_array_start, .)
 *(.preinit_array*)
                0x00000ba8                PROVIDE (__preinit_array_end, .)

.init_array     0x00000ba8        0x4
                0x00000ba8                PROVIDE (__init_array_start, .)
 *(SORT(.init_array.*))
 *(.init_array*)
 .init_array    0x00000ba8        0x4 c:/freescale/kds_v3/toolchain/bin/../lib/gcc/arm-none-eabi/4.8.4/armv6-m/crtbegin.o
                0x00000bac                PROVIDE (__init_array_end, .)

.fini_array     0x00000bac        0x4
                0x00000bac                PROVIDE (__fini_array_start, .)
 *(SORT(.fini_array.*))
 *(.fini_array*)
 .fini_array    0x00000bac        0x4 c:/freescale/kds_v3/toolchain/bin/../lib/gcc/arm-none-eabi/4.8.4/armv6-m/crtbegin.o
                0x00000bb0                PROVIDE (__fini_array_end, .)
                0x00000bb0                __etext = .
                0x00000bb0                __DATA_ROM = .

.mtb            0x1fffe000        0x0
                0x1fffe000                . = ALIGN (0x8)
                0x1fffe000                _mtb_start = .
 *(.mtb_buf)
                0x1fffe000                . = ALIGN (0x8)
                0x1fffe000                _mtb_end = .

.data           0x1fffe000       0x64 load address 0x00000bb0
                0x1fffe000                . = ALIGN (0x4)
                0x1fffe000                __DATA_RAM = .
                0x1fffe000                __data_start__ = .
 *(.data)
 *(.data*)
 .data.impure_data
                0x1fffe000       0x60 c:/freescale/kds_v3/toolchain/bin/../lib/gcc/arm-none-eabi/4.8.4/../../../../arm-none-eabi/lib/armv6-m\libg_s.a(lib_a-impure.o)
 *(.jcr*)
 .jcr           0x1fffe060        0x0 c:/freescale/kds_v3/toolchain/bin/../lib/gcc/arm-none-eabi/4.8.4/armv6-m/crtbegin.o
 .jcr           0x1fffe060        0x4 c:/freescale/kds_v3/toolchain/bin/../lib/gcc/arm-none-eabi/4.8.4/armv6-m/crtend.o
                0x1fffe064                . = ALIGN (0x4)
                0x1fffe064                __data_end__ = .
                0x00000c14                __DATA_END = (__DATA_ROM + (__data_end__ - __data_start__))

.igot.plt       0x1fffe064        0x0 load address 0x00000c14
 .igot.plt      0x00000000        0x0 c:/freescale/kds_v3/toolchain/bin/../lib/gcc/arm-none-eabi/4.8.4/armv6-m/crtbegin.o

.bss            0x1fffe064       0x1c load address 0x00000c14
                0x1fffe064                . = ALIGN (0x4)
                0x1fffe064                __START_BSS = .
                0x1fffe064                __bss_start__ = .
 *(.bss)
 .bss           0x1fffe064       0x1c c:/freescale/kds_v3/toolchain/bin/../lib/gcc/arm-none-eabi/4.8.4/armv6-m/crtbegin.o
 *(.bss*)
 *(COMMON)
                0x1fffe080                . = ALIGN (0x4)
                0x1fffe080                __bss_end__ = .
                0x1fffe080                __END_BSS = .

.heap           0x1fffe080      0x400 load address 0x00000c30
                0x1fffe080                . = ALIGN (0x8)
                0x1fffe080                __end__ = .
                0x1fffe080                PROVIDE (end, .)
                0x1fffe080                __HeapBase = .
                0x1fffe480                . = (. + HEAP_SIZE)
 *fill*         0x1fffe080      0x400 
                0x1fffe480                __HeapLimit = .

.stack          0x1fffe480      0x400 load address 0x00001030
                0x1fffe480                . = ALIGN (0x8)
                0x1fffe880                . = (. + STACK_SIZE)
 *fill*         0x1fffe480      0x400 
                0x20006000                __StackTop = (ORIGIN (m_data) + 0x8000)
                0x20005c00                __StackLimit = (__StackTop - STACK_SIZE)
                0x20006000                PROVIDE (__stack, __StackTop)

.ARM.attributes
                0x00000000       0x28
 *(.ARM.attributes)
 .ARM.attributes
                0x00000000       0x1e c:/freescale/kds_v3/toolchain/bin/../lib/gcc/arm-none-eabi/4.8.4/armv6-m/crti.o
 .ARM.attributes
                0x0000001e       0x2c c:/freescale/kds_v3/toolchain/bin/../lib/gcc/arm-none-eabi/4.8.4/armv6-m/crtbegin.o
 .ARM.attributes
                0x0000004a       0x1b c:/freescale/kds_v3/toolchain/bin/../lib/gcc/arm-none-eabi/4.8.4/../../../../arm-none-eabi/lib/armv6-m/crt0.o
 .ARM.attributes
                0x00000065       0x32 ./Sources/HAL/HAL_GPIO.o
 .ARM.attributes
                0x00000097       0x32 ./Sources/HAL/HAL_NVIC.o
 .ARM.attributes
                0x000000c9       0x32 ./Sources/HAL/HAL_PORT.o
 .ARM.attributes
                0x000000fb       0x32 ./Sources/HAL/HAL_SIM.o
 .ARM.attributes
                0x0000012d       0x32 ./Sources/DRIVER/DRIVER_GPIO.o
 .ARM.attributes
                0x0000015f       0x32 ./Sources/DRIVER/DRIVER_NVIC.o
 .ARM.attributes
                0x00000191       0x32 ./Sources/DRIVER/DRIVER_PORT.o
 .ARM.attributes
                0x000001c3       0x32 ./Sources/DRIVER/DRIVER_SIM.o
 .ARM.attributes
                0x000001f5       0x32 ./Sources/main.o
 .ARM.attributes
                0x00000227       0x1b ./Project_Settings/Startup_Code/startup_MKL46Z4.o
 .ARM.attributes
                0x00000242       0x32 ./Project_Settings/Startup_Code/system_MKL46Z4.o
 .ARM.attributes
                0x00000274       0x2c c:/freescale/kds_v3/toolchain/bin/../lib/gcc/arm-none-eabi/4.8.4/../../../../arm-none-eabi/lib/armv6-m\libg_s.a(lib_a-exit.o)
 .ARM.attributes
                0x000002a0       0x2c c:/freescale/kds_v3/toolchain/bin/../lib/gcc/arm-none-eabi/4.8.4/../../../../arm-none-eabi/lib/armv6-m\libg_s.a(lib_a-impure.o)
 .ARM.attributes
                0x000002cc       0x2c c:/freescale/kds_v3/toolchain/bin/../lib/gcc/arm-none-eabi/4.8.4/../../../../arm-none-eabi/lib/armv6-m\libg_s.a(lib_a-init.o)
 .ARM.attributes
                0x000002f8       0x2c c:/freescale/kds_v3/toolchain/bin/../lib/gcc/arm-none-eabi/4.8.4/../../../../arm-none-eabi/lib/armv6-m\libg_s.a(lib_a-memset.o)
 .ARM.attributes
                0x00000324       0x2c c:/freescale/kds_v3/toolchain/bin/../lib/gcc/arm-none-eabi/4.8.4/../../../../arm-none-eabi/lib/armv6-m\libnosys.a(_exit.o)
 .ARM.attributes
                0x00000350       0x2c c:/freescale/kds_v3/toolchain/bin/../lib/gcc/arm-none-eabi/4.8.4/armv6-m/crtend.o
 .ARM.attributes
                0x0000037c       0x1e c:/freescale/kds_v3/toolchain/bin/../lib/gcc/arm-none-eabi/4.8.4/armv6-m/crtn.o
                0x00000001                ASSERT ((__StackLimit >= __HeapLimit), region m_data overflowed with stack and heap)
OUTPUT(HuynhDucQuangVinh_MCUASM3.elf elf32-littlearm)

.debug_info     0x00000000     0x1a49
 .debug_info    0x00000000      0x1ef ./Sources/HAL/HAL_GPIO.o
 .debug_info    0x000001ef      0x2d6 ./Sources/HAL/HAL_NVIC.o
 .debug_info    0x000004c5      0x345 ./Sources/HAL/HAL_PORT.o
 .debug_info    0x0000080a      0x2e4 ./Sources/HAL/HAL_SIM.o
 .debug_info    0x00000aee      0x1cf ./Sources/DRIVER/DRIVER_GPIO.o
 .debug_info    0x00000cbd      0x18d ./Sources/DRIVER/DRIVER_NVIC.o
 .debug_info    0x00000e4a      0x313 ./Sources/DRIVER/DRIVER_PORT.o
 .debug_info    0x0000115d       0xcf ./Sources/DRIVER/DRIVER_SIM.o
 .debug_info    0x0000122c      0x3a8 ./Sources/main.o
 .debug_info    0x000015d4       0x87 ./Project_Settings/Startup_Code/startup_MKL46Z4.o
 .debug_info    0x0000165b      0x3ee ./Project_Settings/Startup_Code/system_MKL46Z4.o

.debug_abbrev   0x00000000      0x89c
 .debug_abbrev  0x00000000       0xd1 ./Sources/HAL/HAL_GPIO.o
 .debug_abbrev  0x000000d1      0x100 ./Sources/HAL/HAL_NVIC.o
 .debug_abbrev  0x000001d1      0x116 ./Sources/HAL/HAL_PORT.o
 .debug_abbrev  0x000002e7       0xd8 ./Sources/HAL/HAL_SIM.o
 .debug_abbrev  0x000003bf       0xd1 ./Sources/DRIVER/DRIVER_GPIO.o
 .debug_abbrev  0x00000490       0x79 ./Sources/DRIVER/DRIVER_NVIC.o
 .debug_abbrev  0x00000509      0x116 ./Sources/DRIVER/DRIVER_PORT.o
 .debug_abbrev  0x0000061f       0x77 ./Sources/DRIVER/DRIVER_SIM.o
 .debug_abbrev  0x00000696       0xe9 ./Sources/main.o
 .debug_abbrev  0x0000077f       0x14 ./Project_Settings/Startup_Code/startup_MKL46Z4.o
 .debug_abbrev  0x00000793      0x109 ./Project_Settings/Startup_Code/system_MKL46Z4.o

.debug_aranges  0x00000000      0x1f8
 .debug_aranges
                0x00000000       0x30 ./Sources/HAL/HAL_GPIO.o
 .debug_aranges
                0x00000030       0x28 ./Sources/HAL/HAL_NVIC.o
 .debug_aranges
                0x00000058       0x48 ./Sources/HAL/HAL_PORT.o
 .debug_aranges
                0x000000a0       0x20 ./Sources/HAL/HAL_SIM.o
 .debug_aranges
                0x000000c0       0x30 ./Sources/DRIVER/DRIVER_GPIO.o
 .debug_aranges
                0x000000f0       0x20 ./Sources/DRIVER/DRIVER_NVIC.o
 .debug_aranges
                0x00000110       0x40 ./Sources/DRIVER/DRIVER_PORT.o
 .debug_aranges
                0x00000150       0x20 ./Sources/DRIVER/DRIVER_SIM.o
 .debug_aranges
                0x00000170       0x40 ./Sources/main.o
 .debug_aranges
                0x000001b0       0x20 ./Project_Settings/Startup_Code/startup_MKL46Z4.o
 .debug_aranges
                0x000001d0       0x28 ./Project_Settings/Startup_Code/system_MKL46Z4.o

.debug_ranges   0x00000000      0x138
 .debug_ranges  0x00000000       0x20 ./Sources/HAL/HAL_GPIO.o
 .debug_ranges  0x00000020       0x18 ./Sources/HAL/HAL_NVIC.o
 .debug_ranges  0x00000038       0x38 ./Sources/HAL/HAL_PORT.o
 .debug_ranges  0x00000070       0x10 ./Sources/HAL/HAL_SIM.o
 .debug_ranges  0x00000080       0x20 ./Sources/DRIVER/DRIVER_GPIO.o
 .debug_ranges  0x000000a0       0x10 ./Sources/DRIVER/DRIVER_NVIC.o
 .debug_ranges  0x000000b0       0x30 ./Sources/DRIVER/DRIVER_PORT.o
 .debug_ranges  0x000000e0       0x10 ./Sources/DRIVER/DRIVER_SIM.o
 .debug_ranges  0x000000f0       0x30 ./Sources/main.o
 .debug_ranges  0x00000120       0x18 ./Project_Settings/Startup_Code/system_MKL46Z4.o

.debug_macro    0x00000000     0xe6a0
 .debug_macro   0x00000000       0x97 ./Sources/HAL/HAL_GPIO.o
 .debug_macro   0x00000097      0x802 ./Sources/HAL/HAL_GPIO.o
 .debug_macro   0x00000899       0x16 ./Sources/HAL/HAL_GPIO.o
 .debug_macro   0x000008af       0x16 ./Sources/HAL/HAL_GPIO.o
 .debug_macro   0x000008c5       0x44 ./Sources/HAL/HAL_GPIO.o
 .debug_macro   0x00000909      0x209 ./Sources/HAL/HAL_GPIO.o
 .debug_macro   0x00000b12       0x3a ./Sources/HAL/HAL_GPIO.o
 .debug_macro   0x00000b4c       0x3a ./Sources/HAL/HAL_GPIO.o
 .debug_macro   0x00000b86       0x26 ./Sources/HAL/HAL_GPIO.o
 .debug_macro   0x00000bac      0x306 ./Sources/HAL/HAL_GPIO.o
 .debug_macro   0x00000eb2       0x6b ./Sources/HAL/HAL_GPIO.o
 .debug_macro   0x00000f1d     0xd132 ./Sources/HAL/HAL_GPIO.o
 .debug_macro   0x0000e04f       0x90 ./Sources/HAL/HAL_NVIC.o
 .debug_macro   0x0000e0df       0x10 ./Sources/HAL/HAL_NVIC.o
 .debug_macro   0x0000e0ef       0x90 ./Sources/HAL/HAL_PORT.o
 .debug_macro   0x0000e17f       0x10 ./Sources/HAL/HAL_PORT.o
 .debug_macro   0x0000e18f       0x90 ./Sources/HAL/HAL_SIM.o
 .debug_macro   0x0000e21f       0x10 ./Sources/HAL/HAL_SIM.o
 .debug_macro   0x0000e22f       0xad ./Sources/DRIVER/DRIVER_GPIO.o
 .debug_macro   0x0000e2dc       0x9a ./Sources/DRIVER/DRIVER_NVIC.o
 .debug_macro   0x0000e376       0xa6 ./Sources/DRIVER/DRIVER_PORT.o
 .debug_macro   0x0000e41c       0xa0 ./Sources/DRIVER/DRIVER_SIM.o
 .debug_macro   0x0000e4bc      0x11a ./Sources/main.o
 .debug_macro   0x0000e5d6       0x7e ./Project_Settings/Startup_Code/system_MKL46Z4.o
 .debug_macro   0x0000e654       0x4c ./Project_Settings/Startup_Code/system_MKL46Z4.o

.debug_line     0x00000000     0x1599
 .debug_line    0x00000000      0x205 ./Sources/HAL/HAL_GPIO.o
 .debug_line    0x00000205      0x1f1 ./Sources/HAL/HAL_NVIC.o
 .debug_line    0x000003f6      0x238 ./Sources/HAL/HAL_PORT.o
 .debug_line    0x0000062e      0x1db ./Sources/HAL/HAL_SIM.o
 .debug_line    0x00000809      0x216 ./Sources/DRIVER/DRIVER_GPIO.o
 .debug_line    0x00000a1f      0x1f4 ./Sources/DRIVER/DRIVER_NVIC.o
 .debug_line    0x00000c13      0x239 ./Sources/DRIVER/DRIVER_PORT.o
 .debug_line    0x00000e4c      0x1f1 ./Sources/DRIVER/DRIVER_SIM.o
 .debug_line    0x0000103d      0x2a1 ./Sources/main.o
 .debug_line    0x000012de       0x7b ./Project_Settings/Startup_Code/startup_MKL46Z4.o
 .debug_line    0x00001359      0x240 ./Project_Settings/Startup_Code/system_MKL46Z4.o

.debug_str      0x00000000    0x4f934
 .debug_str     0x00000000    0x4f0ae ./Sources/HAL/HAL_GPIO.o
                              0x4f4ab (size before relaxing)
 .debug_str     0x0004f0ae      0x248 ./Sources/HAL/HAL_NVIC.o
                              0x4f620 (size before relaxing)
 .debug_str     0x0004f2f6      0x1c7 ./Sources/HAL/HAL_PORT.o
                              0x4f5c2 (size before relaxing)
 .debug_str     0x0004f4bd      0x186 ./Sources/HAL/HAL_SIM.o
                              0x4f562 (size before relaxing)
 .debug_str     0x0004f643       0x6c ./Sources/DRIVER/DRIVER_GPIO.o
                              0x4f49d (size before relaxing)
 .debug_str     0x0004f6af       0x45 ./Sources/DRIVER/DRIVER_NVIC.o
                              0x4f5b9 (size before relaxing)
 .debug_str     0x0004f6f4       0xb5 ./Sources/DRIVER/DRIVER_PORT.o
                              0x4f5d3 (size before relaxing)
 .debug_str     0x0004f7a9       0x46 ./Sources/DRIVER/DRIVER_SIM.o
                              0x4f47f (size before relaxing)
 .debug_str     0x0004f7ef       0xae ./Sources/main.o
                              0x4f82a (size before relaxing)
 .debug_str     0x0004f89d       0x97 ./Project_Settings/Startup_Code/system_MKL46Z4.o
                              0x4f533 (size before relaxing)

.comment        0x00000000       0x70
 .comment       0x00000000       0x70 ./Sources/HAL/HAL_GPIO.o
                                 0x71 (size before relaxing)
 .comment       0x00000000       0x71 ./Sources/HAL/HAL_NVIC.o
 .comment       0x00000000       0x71 ./Sources/HAL/HAL_PORT.o
 .comment       0x00000000       0x71 ./Sources/HAL/HAL_SIM.o
 .comment       0x00000000       0x71 ./Sources/DRIVER/DRIVER_GPIO.o
 .comment       0x00000000       0x71 ./Sources/DRIVER/DRIVER_NVIC.o
 .comment       0x00000000       0x71 ./Sources/DRIVER/DRIVER_PORT.o
 .comment       0x00000000       0x71 ./Sources/DRIVER/DRIVER_SIM.o
 .comment       0x00000000       0x71 ./Sources/main.o
 .comment       0x00000000       0x71 ./Project_Settings/Startup_Code/system_MKL46Z4.o

.debug_frame    0x00000000      0x4bc
 .debug_frame   0x00000000       0x70 ./Sources/HAL/HAL_GPIO.o
 .debug_frame   0x00000070       0x50 ./Sources/HAL/HAL_NVIC.o
 .debug_frame   0x000000c0       0xd0 ./Sources/HAL/HAL_PORT.o
 .debug_frame   0x00000190       0x30 ./Sources/HAL/HAL_SIM.o
 .debug_frame   0x000001c0       0x70 ./Sources/DRIVER/DRIVER_GPIO.o
 .debug_frame   0x00000230       0x30 ./Sources/DRIVER/DRIVER_NVIC.o
 .debug_frame   0x00000260       0xb0 ./Sources/DRIVER/DRIVER_PORT.o
 .debug_frame   0x00000310       0x30 ./Sources/DRIVER/DRIVER_SIM.o
 .debug_frame   0x00000340       0x9c ./Sources/main.o
 .debug_frame   0x000003dc       0x4c ./Project_Settings/Startup_Code/system_MKL46Z4.o
 .debug_frame   0x00000428       0x28 c:/freescale/kds_v3/toolchain/bin/../lib/gcc/arm-none-eabi/4.8.4/../../../../arm-none-eabi/lib/armv6-m\libg_s.a(lib_a-exit.o)
 .debug_frame   0x00000450       0x2c c:/freescale/kds_v3/toolchain/bin/../lib/gcc/arm-none-eabi/4.8.4/../../../../arm-none-eabi/lib/armv6-m\libg_s.a(lib_a-init.o)
 .debug_frame   0x0000047c       0x20 c:/freescale/kds_v3/toolchain/bin/../lib/gcc/arm-none-eabi/4.8.4/../../../../arm-none-eabi/lib/armv6-m\libg_s.a(lib_a-memset.o)
 .debug_frame   0x0000049c       0x20 c:/freescale/kds_v3/toolchain/bin/../lib/gcc/arm-none-eabi/4.8.4/../../../../arm-none-eabi/lib/armv6-m\libnosys.a(_exit.o)
